---
source: tests/simple_test.rs
expression: processed_content
---
some preamble
```rust
println!("Hello, world!");
```
 after
